/home/min/FC_mamab_4_H743_V2/FC_H743XIH6/FC_Firmware_min/Libs/MAVLink_V2/common/../checksum.h:35:20:crc_accumulate	24	static
/home/min/FC_mamab_4_H743_V2/FC_H743XIH6/FC_Firmware_min/Libs/MAVLink_V2/common/../checksum.h:52:20:crc_init	16	static
/home/min/FC_mamab_4_H743_V2/FC_H743XIH6/FC_Firmware_min/Libs/MAVLink_V2/common/../mavlink_sha256.h:91:21:mavlink_sha256_init	16	static
/home/min/FC_mamab_4_H743_V2/FC_H743XIH6/FC_Firmware_min/Libs/MAVLink_V2/common/../mavlink_sha256.h:105:20:mavlink_sha256_calc	320	static
/home/min/FC_mamab_4_H743_V2/FC_H743XIH6/FC_Firmware_min/Libs/MAVLink_V2/common/../mavlink_sha256.h:152:21:mavlink_sha256_update	120	static
/home/min/FC_mamab_4_H743_V2/FC_H743XIH6/FC_Firmware_min/Libs/MAVLink_V2/common/../mavlink_sha256.h:192:21:mavlink_sha256_final_48	104	static
/home/min/FC_mamab_4_H743_V2/FC_H743XIH6/FC_Firmware_min/Libs/MAVLink_V2/common/../mavlink_helpers.h:27:34:mavlink_get_channel_status	16	static
/home/min/FC_mamab_4_H743_V2/FC_H743XIH6/FC_Firmware_min/Libs/MAVLink_V2/common/../mavlink_helpers.h:43:35:mavlink_get_channel_buffer	16	static
/home/min/FC_mamab_4_H743_V2/FC_H743XIH6/FC_Firmware_min/Libs/MAVLink_V2/common/../mavlink_helpers.h:127:21:mavlink_signature_check	184	static
/home/min/FC_mamab_4_H743_V2/FC_H743XIH6/FC_Firmware_min/Libs/MAVLink_V2/common/../mavlink_helpers.h:312:20:_mav_parse_error	16	static
/home/min/FC_mamab_4_H743_V2/FC_H743XIH6/FC_Firmware_min/Libs/MAVLink_V2/common/../mavlink_helpers.h:504:21:mavlink_start_checksum	24	static
/home/min/FC_mamab_4_H743_V2/FC_H743XIH6/FC_Firmware_min/Libs/MAVLink_V2/common/../mavlink_helpers.h:511:21:mavlink_update_checksum	24	static
/home/min/FC_mamab_4_H743_V2/FC_H743XIH6/FC_Firmware_min/Libs/MAVLink_V2/common/../mavlink_helpers.h:522:43:mavlink_get_msg_entry	32	static
/home/min/FC_mamab_4_H743_V2/FC_H743XIH6/FC_Firmware_min/Libs/MAVLink_V2/common/../mavlink_helpers.h:594:24:mavlink_frame_char_buffer	40	static
/home/min/FC_mamab_4_H743_V2/FC_H743XIH6/FC_Firmware_min/Libs/MAVLink_V2/common/../mavlink_helpers.h:926:24:mavlink_frame_char	40	static
/home/min/FC_mamab_4_H743_V2/FC_H743XIH6/FC_Firmware_min/Libs/MAVLink_V2/common/../mavlink_helpers.h:1004:24:mavlink_parse_char	40	static
/home/min/FC_mamab_4_H743_V2/FC_H743XIH6/FC_Firmware_min/Libs/MAVLink_V2/common/./mavlink_msg_optical_flow.h:494:20:mavlink_msg_optical_flow_decode	24	static
../FC_Firmware_min/Flight_Math/mavlink_rx.c:12:6:MAVLink_Init	8	static
../FC_Firmware_min/Flight_Math/mavlink_rx.c:17:6:MAVLink_Task_Process	384	static,ignoring_inline_asm
